// Jest Snapshot v1, https://goo.gl/fbAQLP

exports[`renders Book component 1`] = `
<div>
  <h2>
    Books
  </h2>
  ;
</div>
`;
